9:  x=3.4559999999999999609
10:  y=-0.10000000000000000555
14:  z=3.4559999999999999609

15:  zz=99.989999999999994884

e should be 6
22:  e=6

