v[k]=1
v[k]=2
v[k]=3
21:  y=1
21:  y=2
21:  y=3
2
4
6
2
3
4
5
6
3
4
5
6
7
4
5
6
7
8
